mkdir -p build
arm-none-eabi-gcc -mcpu=arm926ej-s -mthumb-interwork -ffreestanding -nostdlib -nostartfiles -Wall -Wextra -O2 -g -Iinclude -Ifs -Iengine -Igfx -Iapps -Iui -Ishell -Ilib -Ibench -x assembler-with-cpp -c boot/boot_startup.s -o build/boot_startup.o
arm-none-eabi-gcc -mcpu=arm926ej-s -mthumb-interwork -ffreestanding -nostdlib -nostartfiles -Wall -Wextra -O2 -g -Iinclude -Ifs -Iengine -Igfx -Iapps -Iui -Ishell -Ilib -Ibench -c boot/bootloader.c -o build/bootloader.o
arm-none-eabi-gcc -mcpu=arm926ej-s -mthumb-interwork -ffreestanding -nostdlib -nostartfiles -Wall -Wextra -O2 -g -Iinclude -Ifs -Iengine -Igfx -Iapps -Iui -Ishell -Ilib -Ibench -c crypto/sha256/sha256.c -o build/sha256.o
arm-none-eabi-gcc -mcpu=arm926ej-s -mthumb-interwork -ffreestanding -nostdlib -nostartfiles -Wall -Wextra -O2 -g -Iinclude -Ifs -Iengine -Igfx -Iapps -Iui -Ishell -Ilib -Ibench -c crypto/crc32/crc32.c -o build/crc32.o
arm-none-eabi-gcc -mcpu=arm926ej-s -mthumb-interwork -ffreestanding -nostdlib -nostartfiles -Wall -Wextra -O2 -g -Iinclude -Ifs -Iengine -Igfx -Iapps -Iui -Ishell -Ilib -Ibench -c crypto/monocypher.c -o build/monocypher.o
arm-none-eabi-gcc -mcpu=arm926ej-s -mthumb-interwork -ffreestanding -nostdlib -nostartfiles -Wall -Wextra -O2 -g -Iinclude -Ifs -Iengine -Igfx -Iapps -Iui -Ishell -Ilib -Ibench -c firmware/image_format/firmware_format.c -o build/firmware_format.o
arm-none-eabi-gcc -E -P -x c -Iinclude boot/bootloader.ld.in -o build/bootloader.ld
arm-none-eabi-gcc -mcpu=arm926ej-s -mthumb-interwork -ffreestanding -nostdlib -nostartfiles -Wall -Wextra -O2 -g -Iinclude -Ifs -Iengine -Igfx -Iapps -Iui -Ishell -Ilib -Ibench -x assembler-with-cpp -c kernel/startup.s -o build/startup.o
arm-none-eabi-gcc -mcpu=arm926ej-s -mthumb-interwork -ffreestanding -nostdlib -nostartfiles -Wall -Wextra -O2 -g -Iinclude -Ifs -Iengine -Igfx -Iapps -Iui -Ishell -Ilib -Ibench -x assembler-with-cpp -c kernel/vectors.s -o build/vectors.o
arm-none-eabi-gcc -mcpu=arm926ej-s -mthumb-interwork -ffreestanding -nostdlib -nostartfiles -Wall -Wextra -O2 -g -Iinclude -Ifs -Iengine -Igfx -Iapps -Iui -Ishell -Ilib -Ibench -c kernel/kernel.c -o build/kernel.o
arm-none-eabi-gcc -mcpu=arm926ej-s -mthumb-interwork -ffreestanding -nostdlib -nostartfiles -Wall -Wextra -O2 -g -Iinclude -Ifs -Iengine -Igfx -Iapps -Iui -Ishell -Ilib -Ibench -c lib/string.c -o build/string.o
arm-none-eabi-gcc -mcpu=arm926ej-s -mthumb-interwork -ffreestanding -nostdlib -nostartfiles -Wall -Wextra -O2 -g -Iinclude -Ifs -Iengine -Igfx -Iapps -Iui -Ishell -Ilib -Ibench -c drivers/vic.c -o build/vic.o
arm-none-eabi-gcc -mcpu=arm926ej-s -mthumb-interwork -ffreestanding -nostdlib -nostartfiles -Wall -Wextra -O2 -g -Iinclude -Ifs -Iengine -Igfx -Iapps -Iui -Ishell -Ilib -Ibench -c drivers/timer.c -o build/timer.o
arm-none-eabi-gcc -mcpu=arm926ej-s -mthumb-interwork -ffreestanding -nostdlib -nostartfiles -Wall -Wextra -O2 -g -Iinclude -Ifs -Iengine -Igfx -Iapps -Iui -Ishell -Ilib -Ibench -c kernel/scheduler.c -o build/scheduler.o
arm-none-eabi-gcc -mcpu=arm926ej-s -mthumb-interwork -ffreestanding -nostdlib -nostartfiles -Wall -Wextra -O2 -g -Iinclude -Ifs -Iengine -Igfx -Iapps -Iui -Ishell -Ilib -Ibench -c mm/heap.c -o build/heap.o
arm-none-eabi-gcc -mcpu=arm926ej-s -mthumb-interwork -ffreestanding -nostdlib -nostartfiles -Wall -Wextra -O2 -g -Iinclude -Ifs -Iengine -Igfx -Iapps -Iui -Ishell -Ilib -Ibench -c kernel/mmu.c -o build/mmu.o
arm-none-eabi-gcc -mcpu=arm926ej-s -mthumb-interwork -ffreestanding -nostdlib -nostartfiles -Wall -Wextra -O2 -g -Iinclude -Ifs -Iengine -Igfx -Iapps -Iui -Ishell -Ilib -Ibench -c mm/page.c -o build/page.o
arm-none-eabi-gcc -mcpu=arm926ej-s -mthumb-interwork -ffreestanding -nostdlib -nostartfiles -Wall -Wextra -O2 -g -Iinclude -Ifs -Iengine -Igfx -Iapps -Iui -Ishell -Ilib -Ibench -c fs/fat.c -o build/fat.o
arm-none-eabi-gcc -mcpu=arm926ej-s -mthumb-interwork -ffreestanding -nostdlib -nostartfiles -Wall -Wextra -O2 -g -Iinclude -Ifs -Iengine -Igfx -Iapps -Iui -Ishell -Ilib -Ibench -c fs/disk.c -o build/disk.o
arm-none-eabi-gcc -mcpu=arm926ej-s -mthumb-interwork -ffreestanding -nostdlib -nostartfiles -Wall -Wextra -O2 -g -Iinclude -Ifs -Iengine -Igfx -Iapps -Iui -Ishell -Ilib -Ibench -c drivers/irq.c -o build/irq.o
arm-none-eabi-gcc -mcpu=arm926ej-s -mthumb-interwork -ffreestanding -nostdlib -nostartfiles -Wall -Wextra -O2 -g -Iinclude -Ifs -Iengine -Igfx -Iapps -Iui -Ishell -Ilib -Ibench -c drivers/keyboard.c -o build/keyboard.o
arm-none-eabi-gcc -mcpu=arm926ej-s -mthumb-interwork -ffreestanding -nostdlib -nostartfiles -Wall -Wextra -O2 -g -Iinclude -Ifs -Iengine -Igfx -Iapps -Iui -Ishell -Ilib -Ibench -c drivers/mouse.c -o build/mouse.o
arm-none-eabi-gcc -mcpu=arm926ej-s -mthumb-interwork -ffreestanding -nostdlib -nostartfiles -Wall -Wextra -O2 -g -Iinclude -Ifs -Iengine -Igfx -Iapps -Iui -Ishell -Ilib -Ibench -c ui/wm.c -o build/wm.o
arm-none-eabi-gcc -mcpu=arm926ej-s -mthumb-interwork -ffreestanding -nostdlib -nostartfiles -Wall -Wextra -O2 -g -Iinclude -Ifs -Iengine -Igfx -Iapps -Iui -Ishell -Ilib -Ibench -c ui/wm_render.c -o build/wm_render.o
arm-none-eabi-gcc -mcpu=arm926ej-s -mthumb-interwork -ffreestanding -nostdlib -nostartfiles -Wall -Wextra -O2 -g -Iinclude -Ifs -Iengine -Igfx -Iapps -Iui -Ishell -Ilib -Ibench -c ui/wm_desktop.c -o build/wm_desktop.o
arm-none-eabi-gcc -mcpu=arm926ej-s -mthumb-interwork -ffreestanding -nostdlib -nostartfiles -Wall -Wextra -O2 -g -Iinclude -Ifs -Iengine -Igfx -Iapps -Iui -Ishell -Ilib -Ibench -c shell/console.c -o build/console.o
arm-none-eabi-gcc -mcpu=arm926ej-s -mthumb-interwork -ffreestanding -nostdlib -nostartfiles -Wall -Wextra -O2 -g -Iinclude -Ifs -Iengine -Igfx -Iapps -Iui -Ishell -Ilib -Ibench -c apps/app_file_manager.c -o build/app_file_manager.o
arm-none-eabi-gcc -mcpu=arm926ej-s -mthumb-interwork -ffreestanding -nostdlib -nostartfiles -Wall -Wextra -O2 -g -Iinclude -Ifs -Iengine -Igfx -Iapps -Iui -Ishell -Ilib -Ibench -c apps/app_editor.c -o build/app_editor.o
arm-none-eabi-gcc -mcpu=arm926ej-s -mthumb-interwork -ffreestanding -nostdlib -nostartfiles -Wall -Wextra -O2 -g -Iinclude -Ifs -Iengine -Igfx -Iapps -Iui -Ishell -Ilib -Ibench -c apps/app_taskmgr.c -o build/app_taskmgr.o
arm-none-eabi-gcc -mcpu=arm926ej-s -mthumb-interwork -ffreestanding -nostdlib -nostartfiles -Wall -Wextra -O2 -g -Iinclude -Ifs -Iengine -Igfx -Iapps -Iui -Ishell -Ilib -Ibench -c apps/app_terminal.c -o build/app_terminal.o
arm-none-eabi-gcc -mcpu=arm926ej-s -mthumb-interwork -ffreestanding -nostdlib -nostartfiles -Wall -Wextra -O2 -g -Iinclude -Ifs -Iengine -Igfx -Iapps -Iui -Ishell -Ilib -Ibench -c apps/app_calculator.c -o build/app_calculator.o
arm-none-eabi-gcc -mcpu=arm926ej-s -mthumb-interwork -ffreestanding -nostdlib -nostartfiles -Wall -Wextra -O2 -g -Iinclude -Ifs -Iengine -Igfx -Iapps -Iui -Ishell -Ilib -Ibench -c apps/app_sysinfo.c -o build/app_sysinfo.o
arm-none-eabi-gcc -mcpu=arm926ej-s -mthumb-interwork -ffreestanding -nostdlib -nostartfiles -Wall -Wextra -O2 -g -Iinclude -Ifs -Iengine -Igfx -Iapps -Iui -Ishell -Ilib -Ibench -c apps/app_image_viewer.c -o build/app_image_viewer.o
arm-none-eabi-gcc -mcpu=arm926ej-s -mthumb-interwork -ffreestanding -nostdlib -nostartfiles -Wall -Wextra -O2 -g -Iinclude -Ifs -Iengine -Igfx -Iapps -Iui -Ishell -Ilib -Ibench -c apps/app_memview.c -o build/app_memview.o
arm-none-eabi-gcc -mcpu=arm926ej-s -mthumb-interwork -ffreestanding -nostdlib -nostartfiles -Wall -Wextra -O2 -g -Iinclude -Ifs -Iengine -Igfx -Iapps -Iui -Ishell -Ilib -Ibench -c apps/app_firmware_viewer.c -o build/app_firmware_viewer.o
arm-none-eabi-gcc -mcpu=arm926ej-s -mthumb-interwork -ffreestanding -nostdlib -nostartfiles -Wall -Wextra -O2 -g -Iinclude -Ifs -Iengine -Igfx -Iapps -Iui -Ishell -Ilib -Ibench -c drivers/framebuffer.c -o build/framebuffer.o
arm-none-eabi-gcc -mcpu=arm926ej-s -mthumb-interwork -ffreestanding -nostdlib -nostartfiles -Wall -Wextra -O2 -g -Iinclude -Ifs -Iengine -Igfx -Iapps -Iui -Ishell -Ilib -Ibench -c lib/font8x16.c -o build/font8x16.o
arm-none-eabi-gcc -mcpu=arm926ej-s -mthumb-interwork -ffreestanding -nostdlib -nostartfiles -Wall -Wextra -O2 -g -Iinclude -Ifs -Iengine -Igfx -Iapps -Iui -Ishell -Ilib -Ibench -c ui/gfx_console.c -o build/gfx_console.o
arm-none-eabi-gcc -mcpu=arm926ej-s -mthumb-interwork -ffreestanding -nostdlib -nostartfiles -Wall -Wextra -O2 -g -Iinclude -Ifs -Iengine -Igfx -Iapps -Iui -Ishell -Ilib -Ibench -c shell/command.c -o build/command.o
arm-none-eabi-gcc -mcpu=arm926ej-s -mthumb-interwork -ffreestanding -nostdlib -nostartfiles -Wall -Wextra -O2 -g -Iinclude -Ifs -Iengine -Igfx -Iapps -Iui -Ishell -Ilib -Ibench -c ui/bmp.c -o build/bmp.o
ui/bmp.c: In function 'bmp_load_and_draw':
ui/bmp.c:77:47: warning: comparison of integer expressions of different signedness: 'int' and 'unsigned int' [-Wsign-compare]
   77 |         if (fat_read(file, row_buf, row_size) != (size_t)row_size) break;
      |                                               ^~
ui/bmp.c: In function 'bmp_load':
ui/bmp.c:130:47: warning: comparison of integer expressions of different signedness: 'int' and 'unsigned int' [-Wsign-compare]
  130 |         if (fat_read(file, row_buf, row_size) != (size_t)row_size) break;
      |                                               ^~
arm-none-eabi-gcc -mcpu=arm926ej-s -mthumb-interwork -ffreestanding -nostdlib -nostartfiles -Wall -Wextra -O2 -g -Iinclude -Ifs -Iengine -Igfx -Iapps -Iui -Ishell -Ilib -Ibench -c engine/engine2d.c -o build/engine2d.o
arm-none-eabi-gcc -mcpu=arm926ej-s -mthumb-interwork -ffreestanding -nostdlib -nostartfiles -Wall -Wextra -O2 -g -Iinclude -Ifs -Iengine -Igfx -Iapps -Iui -Ishell -Ilib -Ibench -c fs/fatfs_diskio.c -o build/fatfs_diskio.o
arm-none-eabi-gcc -mcpu=arm926ej-s -mthumb-interwork -ffreestanding -nostdlib -nostartfiles -Wall -Wextra -O2 -g -Iinclude -Ifs -Iengine -Igfx -Iapps -Iui -Ishell -Ilib -Ibench -c fs/fatfs/ff.c -o build/ff.o
arm-none-eabi-gcc -mcpu=arm926ej-s -mthumb-interwork -ffreestanding -nostdlib -nostartfiles -Wall -Wextra -O2 -g -Iinclude -Ifs -Iengine -Igfx -Iapps -Iui -Ishell -Ilib -Ibench -c fs/fatfs/ffunicode.c -o build/ffunicode.o
arm-none-eabi-gcc -mcpu=arm926ej-s -mthumb-interwork -ffreestanding -nostdlib -nostartfiles -Wall -Wextra -O2 -g -Iinclude -Ifs -Iengine -Igfx -Iapps -Iui -Ishell -Ilib -Ibench -c fs/fatfs/ffsystem.c -o build/ffsystem.o
arm-none-eabi-gcc -mcpu=arm926ej-s -mthumb-interwork -ffreestanding -nostdlib -nostartfiles -Wall -Wextra -O2 -g -Iinclude -Ifs -Iengine -Igfx -Iapps -Iui -Ishell -Ilib -Ibench -c kernel/tasks.c -o build/tasks.o
arm-none-eabi-gcc -mcpu=arm926ej-s -mthumb-interwork -ffreestanding -nostdlib -nostartfiles -Wall -Wextra -O2 -g -Iinclude -Ifs -Iengine -Igfx -Iapps -Iui -Ishell -Ilib -Ibench -c lib/math_fixed.c -o build/math_fixed.o
arm-none-eabi-gcc -mcpu=arm926ej-s -mthumb-interwork -ffreestanding -nostdlib -nostartfiles -Wall -Wextra -O2 -g -Iinclude -Ifs -Iengine -Igfx -Iapps -Iui -Ishell -Ilib -Ibench -O2 -ffast-math -c gfx/palette.c -o build/palette.o
arm-none-eabi-gcc -mcpu=arm926ej-s -mthumb-interwork -ffreestanding -nostdlib -nostartfiles -Wall -Wextra -O2 -g -Iinclude -Ifs -Iengine -Igfx -Iapps -Iui -Ishell -Ilib -Ibench -O2 -ffast-math -c gfx/backbuffer.c -o build/backbuffer.o
arm-none-eabi-gcc -mcpu=arm926ej-s -mthumb-interwork -ffreestanding -nostdlib -nostartfiles -Wall -Wextra -O2 -g -Iinclude -Ifs -Iengine -Igfx -Iapps -Iui -Ishell -Ilib -Ibench -O2 -ffast-math -c gfx/renderer.c -o build/renderer.o
arm-none-eabi-gcc -mcpu=arm926ej-s -mthumb-interwork -ffreestanding -nostdlib -nostartfiles -Wall -Wextra -O2 -g -Iinclude -Ifs -Iengine -Igfx -Iapps -Iui -Ishell -Ilib -Ibench -O2 -ffast-math -c gfx/sprite.c -o build/sprite.o
arm-none-eabi-gcc -mcpu=arm926ej-s -mthumb-interwork -ffreestanding -nostdlib -nostartfiles -Wall -Wextra -O2 -g -Iinclude -Ifs -Iengine -Igfx -Iapps -Iui -Ishell -Ilib -Ibench -O2 -ffast-math -c gfx/texture.c -o build/texture.o
arm-none-eabi-gcc -mcpu=arm926ej-s -mthumb-interwork -ffreestanding -nostdlib -nostartfiles -Wall -Wextra -O2 -g -Iinclude -Ifs -Iengine -Igfx -Iapps -Iui -Ishell -Ilib -Ibench -O2 -ffast-math -c gfx/profiler.c -o build/profiler.o
arm-none-eabi-gcc -mcpu=arm926ej-s -mthumb-interwork -ffreestanding -nostdlib -nostartfiles -Wall -Wextra -O2 -g -Iinclude -Ifs -Iengine -Igfx -Iapps -Iui -Ishell -Ilib -Ibench -c games/sokoban.c -o build/sokoban.o
arm-none-eabi-gcc -mcpu=arm926ej-s -mthumb-interwork -ffreestanding -nostdlib -nostartfiles -Wall -Wextra -O2 -g -Iinclude -Ifs -Iengine -Igfx -Iapps -Iui -Ishell -Ilib -Ibench -c games/snake.c -o build/snake.o
arm-none-eabi-gcc -mcpu=arm926ej-s -mthumb-interwork -ffreestanding -nostdlib -nostartfiles -Wall -Wextra -O2 -g -Iinclude -Ifs -Iengine -Igfx -Iapps -Iui -Ishell -Ilib -Ibench -c games/doom.c -o build/doom.o
arm-none-eabi-gcc -mcpu=arm926ej-s -mthumb-interwork -ffreestanding -nostdlib -nostartfiles -Wall -Wextra -O2 -g -Iinclude -Ifs -Iengine -Igfx -Iapps -Iui -Ishell -Ilib -Ibench -c games/slime.c -o build/slime.o
arm-none-eabi-gcc -mcpu=arm926ej-s -mthumb-interwork -ffreestanding -nostdlib -nostartfiles -Wall -Wextra -O2 -g -Iinclude -Ifs -Iengine -Igfx -Iapps -Iui -Ishell -Ilib -Ibench -c games/craft.c -o build/craft.o
arm-none-eabi-gcc -mcpu=arm926ej-s -mthumb-interwork -ffreestanding -nostdlib -nostartfiles -Wall -Wextra -O2 -g -Iinclude -Ifs -Iengine -Igfx -Iapps -Iui -Ishell -Ilib -Ibench -c firmware/firmware_update.c -o build/firmware_update.o
arm-none-eabi-gcc -mcpu=arm926ej-s -mthumb-interwork -ffreestanding -nostdlib -nostartfiles -Wall -Wextra -O2 -g -Iinclude -Ifs -Iengine -Igfx -Iapps -Iui -Ishell -Ilib -Ibench -w -O2 -include games/em-doom/linuxdoom-1.10/stax_compat.h -c games/em-doom/linuxdoom-1.10/am_map.c -o build/am_map.o
arm-none-eabi-gcc -mcpu=arm926ej-s -mthumb-interwork -ffreestanding -nostdlib -nostartfiles -Wall -Wextra -O2 -g -Iinclude -Ifs -Iengine -Igfx -Iapps -Iui -Ishell -Ilib -Ibench -w -O2 -include games/em-doom/linuxdoom-1.10/stax_compat.h -c games/em-doom/linuxdoom-1.10/d_items.c -o build/d_items.o
arm-none-eabi-gcc -mcpu=arm926ej-s -mthumb-interwork -ffreestanding -nostdlib -nostartfiles -Wall -Wextra -O2 -g -Iinclude -Ifs -Iengine -Igfx -Iapps -Iui -Ishell -Ilib -Ibench -w -O2 -include games/em-doom/linuxdoom-1.10/stax_compat.h -c games/em-doom/linuxdoom-1.10/d_main.c -o build/d_main.o
arm-none-eabi-gcc -mcpu=arm926ej-s -mthumb-interwork -ffreestanding -nostdlib -nostartfiles -Wall -Wextra -O2 -g -Iinclude -Ifs -Iengine -Igfx -Iapps -Iui -Ishell -Ilib -Ibench -w -O2 -include games/em-doom/linuxdoom-1.10/stax_compat.h -c games/em-doom/linuxdoom-1.10/d_net.c -o build/d_net.o
arm-none-eabi-gcc -mcpu=arm926ej-s -mthumb-interwork -ffreestanding -nostdlib -nostartfiles -Wall -Wextra -O2 -g -Iinclude -Ifs -Iengine -Igfx -Iapps -Iui -Ishell -Ilib -Ibench -w -O2 -include games/em-doom/linuxdoom-1.10/stax_compat.h -c games/em-doom/linuxdoom-1.10/doomdef.c -o build/doomdef.o
arm-none-eabi-gcc -mcpu=arm926ej-s -mthumb-interwork -ffreestanding -nostdlib -nostartfiles -Wall -Wextra -O2 -g -Iinclude -Ifs -Iengine -Igfx -Iapps -Iui -Ishell -Ilib -Ibench -w -O2 -include games/em-doom/linuxdoom-1.10/stax_compat.h -c games/em-doom/linuxdoom-1.10/doomstat.c -o build/doomstat.o
arm-none-eabi-gcc -mcpu=arm926ej-s -mthumb-interwork -ffreestanding -nostdlib -nostartfiles -Wall -Wextra -O2 -g -Iinclude -Ifs -Iengine -Igfx -Iapps -Iui -Ishell -Ilib -Ibench -w -O2 -include games/em-doom/linuxdoom-1.10/stax_compat.h -c games/em-doom/linuxdoom-1.10/dstrings.c -o build/dstrings.o
arm-none-eabi-gcc -mcpu=arm926ej-s -mthumb-interwork -ffreestanding -nostdlib -nostartfiles -Wall -Wextra -O2 -g -Iinclude -Ifs -Iengine -Igfx -Iapps -Iui -Ishell -Ilib -Ibench -w -O2 -include games/em-doom/linuxdoom-1.10/stax_compat.h -c games/em-doom/linuxdoom-1.10/f_finale.c -o build/f_finale.o
arm-none-eabi-gcc -mcpu=arm926ej-s -mthumb-interwork -ffreestanding -nostdlib -nostartfiles -Wall -Wextra -O2 -g -Iinclude -Ifs -Iengine -Igfx -Iapps -Iui -Ishell -Ilib -Ibench -w -O2 -include games/em-doom/linuxdoom-1.10/stax_compat.h -c games/em-doom/linuxdoom-1.10/f_wipe.c -o build/f_wipe.o
arm-none-eabi-gcc -mcpu=arm926ej-s -mthumb-interwork -ffreestanding -nostdlib -nostartfiles -Wall -Wextra -O2 -g -Iinclude -Ifs -Iengine -Igfx -Iapps -Iui -Ishell -Ilib -Ibench -w -O2 -include games/em-doom/linuxdoom-1.10/stax_compat.h -c games/em-doom/linuxdoom-1.10/g_game.c -o build/g_game.o
arm-none-eabi-gcc -mcpu=arm926ej-s -mthumb-interwork -ffreestanding -nostdlib -nostartfiles -Wall -Wextra -O2 -g -Iinclude -Ifs -Iengine -Igfx -Iapps -Iui -Ishell -Ilib -Ibench -w -O2 -include games/em-doom/linuxdoom-1.10/stax_compat.h -c games/em-doom/linuxdoom-1.10/hu_lib.c -o build/hu_lib.o
arm-none-eabi-gcc -mcpu=arm926ej-s -mthumb-interwork -ffreestanding -nostdlib -nostartfiles -Wall -Wextra -O2 -g -Iinclude -Ifs -Iengine -Igfx -Iapps -Iui -Ishell -Ilib -Ibench -w -O2 -include games/em-doom/linuxdoom-1.10/stax_compat.h -c games/em-doom/linuxdoom-1.10/hu_stuff.c -o build/hu_stuff.o
arm-none-eabi-gcc -mcpu=arm926ej-s -mthumb-interwork -ffreestanding -nostdlib -nostartfiles -Wall -Wextra -O2 -g -Iinclude -Ifs -Iengine -Igfx -Iapps -Iui -Ishell -Ilib -Ibench -w -O2 -include games/em-doom/linuxdoom-1.10/stax_compat.h -c games/em-doom/linuxdoom-1.10/info.c -o build/info.o
arm-none-eabi-gcc -mcpu=arm926ej-s -mthumb-interwork -ffreestanding -nostdlib -nostartfiles -Wall -Wextra -O2 -g -Iinclude -Ifs -Iengine -Igfx -Iapps -Iui -Ishell -Ilib -Ibench -w -O2 -include games/em-doom/linuxdoom-1.10/stax_compat.h -c games/em-doom/linuxdoom-1.10/m_argv.c -o build/m_argv.o
arm-none-eabi-gcc -mcpu=arm926ej-s -mthumb-interwork -ffreestanding -nostdlib -nostartfiles -Wall -Wextra -O2 -g -Iinclude -Ifs -Iengine -Igfx -Iapps -Iui -Ishell -Ilib -Ibench -w -O2 -include games/em-doom/linuxdoom-1.10/stax_compat.h -c games/em-doom/linuxdoom-1.10/m_bbox.c -o build/m_bbox.o
arm-none-eabi-gcc -mcpu=arm926ej-s -mthumb-interwork -ffreestanding -nostdlib -nostartfiles -Wall -Wextra -O2 -g -Iinclude -Ifs -Iengine -Igfx -Iapps -Iui -Ishell -Ilib -Ibench -w -O2 -include games/em-doom/linuxdoom-1.10/stax_compat.h -c games/em-doom/linuxdoom-1.10/m_cheat.c -o build/m_cheat.o
arm-none-eabi-gcc -mcpu=arm926ej-s -mthumb-interwork -ffreestanding -nostdlib -nostartfiles -Wall -Wextra -O2 -g -Iinclude -Ifs -Iengine -Igfx -Iapps -Iui -Ishell -Ilib -Ibench -w -O2 -include games/em-doom/linuxdoom-1.10/stax_compat.h -c games/em-doom/linuxdoom-1.10/m_fixed.c -o build/m_fixed.o
arm-none-eabi-gcc -mcpu=arm926ej-s -mthumb-interwork -ffreestanding -nostdlib -nostartfiles -Wall -Wextra -O2 -g -Iinclude -Ifs -Iengine -Igfx -Iapps -Iui -Ishell -Ilib -Ibench -w -O2 -include games/em-doom/linuxdoom-1.10/stax_compat.h -c games/em-doom/linuxdoom-1.10/m_menu.c -o build/m_menu.o
arm-none-eabi-gcc -mcpu=arm926ej-s -mthumb-interwork -ffreestanding -nostdlib -nostartfiles -Wall -Wextra -O2 -g -Iinclude -Ifs -Iengine -Igfx -Iapps -Iui -Ishell -Ilib -Ibench -w -O2 -include games/em-doom/linuxdoom-1.10/stax_compat.h -c games/em-doom/linuxdoom-1.10/m_misc.c -o build/m_misc.o
arm-none-eabi-gcc -mcpu=arm926ej-s -mthumb-interwork -ffreestanding -nostdlib -nostartfiles -Wall -Wextra -O2 -g -Iinclude -Ifs -Iengine -Igfx -Iapps -Iui -Ishell -Ilib -Ibench -w -O2 -include games/em-doom/linuxdoom-1.10/stax_compat.h -c games/em-doom/linuxdoom-1.10/m_random.c -o build/m_random.o
arm-none-eabi-gcc -mcpu=arm926ej-s -mthumb-interwork -ffreestanding -nostdlib -nostartfiles -Wall -Wextra -O2 -g -Iinclude -Ifs -Iengine -Igfx -Iapps -Iui -Ishell -Ilib -Ibench -w -O2 -include games/em-doom/linuxdoom-1.10/stax_compat.h -c games/em-doom/linuxdoom-1.10/m_swap.c -o build/m_swap.o
arm-none-eabi-gcc -mcpu=arm926ej-s -mthumb-interwork -ffreestanding -nostdlib -nostartfiles -Wall -Wextra -O2 -g -Iinclude -Ifs -Iengine -Igfx -Iapps -Iui -Ishell -Ilib -Ibench -w -O2 -include games/em-doom/linuxdoom-1.10/stax_compat.h -c games/em-doom/linuxdoom-1.10/p_ceilng.c -o build/p_ceilng.o
arm-none-eabi-gcc -mcpu=arm926ej-s -mthumb-interwork -ffreestanding -nostdlib -nostartfiles -Wall -Wextra -O2 -g -Iinclude -Ifs -Iengine -Igfx -Iapps -Iui -Ishell -Ilib -Ibench -w -O2 -include games/em-doom/linuxdoom-1.10/stax_compat.h -c games/em-doom/linuxdoom-1.10/p_doors.c -o build/p_doors.o
arm-none-eabi-gcc -mcpu=arm926ej-s -mthumb-interwork -ffreestanding -nostdlib -nostartfiles -Wall -Wextra -O2 -g -Iinclude -Ifs -Iengine -Igfx -Iapps -Iui -Ishell -Ilib -Ibench -w -O2 -include games/em-doom/linuxdoom-1.10/stax_compat.h -c games/em-doom/linuxdoom-1.10/p_enemy.c -o build/p_enemy.o
arm-none-eabi-gcc -mcpu=arm926ej-s -mthumb-interwork -ffreestanding -nostdlib -nostartfiles -Wall -Wextra -O2 -g -Iinclude -Ifs -Iengine -Igfx -Iapps -Iui -Ishell -Ilib -Ibench -w -O2 -include games/em-doom/linuxdoom-1.10/stax_compat.h -c games/em-doom/linuxdoom-1.10/p_floor.c -o build/p_floor.o
arm-none-eabi-gcc -mcpu=arm926ej-s -mthumb-interwork -ffreestanding -nostdlib -nostartfiles -Wall -Wextra -O2 -g -Iinclude -Ifs -Iengine -Igfx -Iapps -Iui -Ishell -Ilib -Ibench -w -O2 -include games/em-doom/linuxdoom-1.10/stax_compat.h -c games/em-doom/linuxdoom-1.10/p_inter.c -o build/p_inter.o
arm-none-eabi-gcc -mcpu=arm926ej-s -mthumb-interwork -ffreestanding -nostdlib -nostartfiles -Wall -Wextra -O2 -g -Iinclude -Ifs -Iengine -Igfx -Iapps -Iui -Ishell -Ilib -Ibench -w -O2 -include games/em-doom/linuxdoom-1.10/stax_compat.h -c games/em-doom/linuxdoom-1.10/p_lights.c -o build/p_lights.o
arm-none-eabi-gcc -mcpu=arm926ej-s -mthumb-interwork -ffreestanding -nostdlib -nostartfiles -Wall -Wextra -O2 -g -Iinclude -Ifs -Iengine -Igfx -Iapps -Iui -Ishell -Ilib -Ibench -w -O2 -include games/em-doom/linuxdoom-1.10/stax_compat.h -c games/em-doom/linuxdoom-1.10/p_map.c -o build/p_map.o
arm-none-eabi-gcc -mcpu=arm926ej-s -mthumb-interwork -ffreestanding -nostdlib -nostartfiles -Wall -Wextra -O2 -g -Iinclude -Ifs -Iengine -Igfx -Iapps -Iui -Ishell -Ilib -Ibench -w -O2 -include games/em-doom/linuxdoom-1.10/stax_compat.h -c games/em-doom/linuxdoom-1.10/p_maputl.c -o build/p_maputl.o
arm-none-eabi-gcc -mcpu=arm926ej-s -mthumb-interwork -ffreestanding -nostdlib -nostartfiles -Wall -Wextra -O2 -g -Iinclude -Ifs -Iengine -Igfx -Iapps -Iui -Ishell -Ilib -Ibench -w -O2 -include games/em-doom/linuxdoom-1.10/stax_compat.h -c games/em-doom/linuxdoom-1.10/p_mobj.c -o build/p_mobj.o
arm-none-eabi-gcc -mcpu=arm926ej-s -mthumb-interwork -ffreestanding -nostdlib -nostartfiles -Wall -Wextra -O2 -g -Iinclude -Ifs -Iengine -Igfx -Iapps -Iui -Ishell -Ilib -Ibench -w -O2 -include games/em-doom/linuxdoom-1.10/stax_compat.h -c games/em-doom/linuxdoom-1.10/p_plats.c -o build/p_plats.o
arm-none-eabi-gcc -mcpu=arm926ej-s -mthumb-interwork -ffreestanding -nostdlib -nostartfiles -Wall -Wextra -O2 -g -Iinclude -Ifs -Iengine -Igfx -Iapps -Iui -Ishell -Ilib -Ibench -w -O2 -include games/em-doom/linuxdoom-1.10/stax_compat.h -c games/em-doom/linuxdoom-1.10/p_pspr.c -o build/p_pspr.o
arm-none-eabi-gcc -mcpu=arm926ej-s -mthumb-interwork -ffreestanding -nostdlib -nostartfiles -Wall -Wextra -O2 -g -Iinclude -Ifs -Iengine -Igfx -Iapps -Iui -Ishell -Ilib -Ibench -w -O2 -include games/em-doom/linuxdoom-1.10/stax_compat.h -c games/em-doom/linuxdoom-1.10/p_saveg.c -o build/p_saveg.o
arm-none-eabi-gcc -mcpu=arm926ej-s -mthumb-interwork -ffreestanding -nostdlib -nostartfiles -Wall -Wextra -O2 -g -Iinclude -Ifs -Iengine -Igfx -Iapps -Iui -Ishell -Ilib -Ibench -w -O2 -include games/em-doom/linuxdoom-1.10/stax_compat.h -c games/em-doom/linuxdoom-1.10/p_setup.c -o build/p_setup.o
arm-none-eabi-gcc -mcpu=arm926ej-s -mthumb-interwork -ffreestanding -nostdlib -nostartfiles -Wall -Wextra -O2 -g -Iinclude -Ifs -Iengine -Igfx -Iapps -Iui -Ishell -Ilib -Ibench -w -O2 -include games/em-doom/linuxdoom-1.10/stax_compat.h -c games/em-doom/linuxdoom-1.10/p_sight.c -o build/p_sight.o
arm-none-eabi-gcc -mcpu=arm926ej-s -mthumb-interwork -ffreestanding -nostdlib -nostartfiles -Wall -Wextra -O2 -g -Iinclude -Ifs -Iengine -Igfx -Iapps -Iui -Ishell -Ilib -Ibench -w -O2 -include games/em-doom/linuxdoom-1.10/stax_compat.h -c games/em-doom/linuxdoom-1.10/p_spec.c -o build/p_spec.o
arm-none-eabi-gcc -mcpu=arm926ej-s -mthumb-interwork -ffreestanding -nostdlib -nostartfiles -Wall -Wextra -O2 -g -Iinclude -Ifs -Iengine -Igfx -Iapps -Iui -Ishell -Ilib -Ibench -w -O2 -include games/em-doom/linuxdoom-1.10/stax_compat.h -c games/em-doom/linuxdoom-1.10/p_switch.c -o build/p_switch.o
arm-none-eabi-gcc -mcpu=arm926ej-s -mthumb-interwork -ffreestanding -nostdlib -nostartfiles -Wall -Wextra -O2 -g -Iinclude -Ifs -Iengine -Igfx -Iapps -Iui -Ishell -Ilib -Ibench -w -O2 -include games/em-doom/linuxdoom-1.10/stax_compat.h -c games/em-doom/linuxdoom-1.10/p_telept.c -o build/p_telept.o
arm-none-eabi-gcc -mcpu=arm926ej-s -mthumb-interwork -ffreestanding -nostdlib -nostartfiles -Wall -Wextra -O2 -g -Iinclude -Ifs -Iengine -Igfx -Iapps -Iui -Ishell -Ilib -Ibench -w -O2 -include games/em-doom/linuxdoom-1.10/stax_compat.h -c games/em-doom/linuxdoom-1.10/p_tick.c -o build/p_tick.o
arm-none-eabi-gcc -mcpu=arm926ej-s -mthumb-interwork -ffreestanding -nostdlib -nostartfiles -Wall -Wextra -O2 -g -Iinclude -Ifs -Iengine -Igfx -Iapps -Iui -Ishell -Ilib -Ibench -w -O2 -include games/em-doom/linuxdoom-1.10/stax_compat.h -c games/em-doom/linuxdoom-1.10/p_user.c -o build/p_user.o
arm-none-eabi-gcc -mcpu=arm926ej-s -mthumb-interwork -ffreestanding -nostdlib -nostartfiles -Wall -Wextra -O2 -g -Iinclude -Ifs -Iengine -Igfx -Iapps -Iui -Ishell -Ilib -Ibench -w -O2 -include games/em-doom/linuxdoom-1.10/stax_compat.h -c games/em-doom/linuxdoom-1.10/r_bsp.c -o build/r_bsp.o
arm-none-eabi-gcc -mcpu=arm926ej-s -mthumb-interwork -ffreestanding -nostdlib -nostartfiles -Wall -Wextra -O2 -g -Iinclude -Ifs -Iengine -Igfx -Iapps -Iui -Ishell -Ilib -Ibench -w -O2 -include games/em-doom/linuxdoom-1.10/stax_compat.h -c games/em-doom/linuxdoom-1.10/r_data.c -o build/r_data.o
arm-none-eabi-gcc -mcpu=arm926ej-s -mthumb-interwork -ffreestanding -nostdlib -nostartfiles -Wall -Wextra -O2 -g -Iinclude -Ifs -Iengine -Igfx -Iapps -Iui -Ishell -Ilib -Ibench -w -O2 -include games/em-doom/linuxdoom-1.10/stax_compat.h -c games/em-doom/linuxdoom-1.10/r_draw.c -o build/r_draw.o
arm-none-eabi-gcc -mcpu=arm926ej-s -mthumb-interwork -ffreestanding -nostdlib -nostartfiles -Wall -Wextra -O2 -g -Iinclude -Ifs -Iengine -Igfx -Iapps -Iui -Ishell -Ilib -Ibench -w -O2 -include games/em-doom/linuxdoom-1.10/stax_compat.h -c games/em-doom/linuxdoom-1.10/r_main.c -o build/r_main.o
arm-none-eabi-gcc -mcpu=arm926ej-s -mthumb-interwork -ffreestanding -nostdlib -nostartfiles -Wall -Wextra -O2 -g -Iinclude -Ifs -Iengine -Igfx -Iapps -Iui -Ishell -Ilib -Ibench -w -O2 -include games/em-doom/linuxdoom-1.10/stax_compat.h -c games/em-doom/linuxdoom-1.10/r_plane.c -o build/r_plane.o
arm-none-eabi-gcc -mcpu=arm926ej-s -mthumb-interwork -ffreestanding -nostdlib -nostartfiles -Wall -Wextra -O2 -g -Iinclude -Ifs -Iengine -Igfx -Iapps -Iui -Ishell -Ilib -Ibench -w -O2 -include games/em-doom/linuxdoom-1.10/stax_compat.h -c games/em-doom/linuxdoom-1.10/r_segs.c -o build/r_segs.o
arm-none-eabi-gcc -mcpu=arm926ej-s -mthumb-interwork -ffreestanding -nostdlib -nostartfiles -Wall -Wextra -O2 -g -Iinclude -Ifs -Iengine -Igfx -Iapps -Iui -Ishell -Ilib -Ibench -w -O2 -include games/em-doom/linuxdoom-1.10/stax_compat.h -c games/em-doom/linuxdoom-1.10/r_sky.c -o build/r_sky.o
arm-none-eabi-gcc -mcpu=arm926ej-s -mthumb-interwork -ffreestanding -nostdlib -nostartfiles -Wall -Wextra -O2 -g -Iinclude -Ifs -Iengine -Igfx -Iapps -Iui -Ishell -Ilib -Ibench -w -O2 -include games/em-doom/linuxdoom-1.10/stax_compat.h -c games/em-doom/linuxdoom-1.10/r_things.c -o build/r_things.o
arm-none-eabi-gcc -mcpu=arm926ej-s -mthumb-interwork -ffreestanding -nostdlib -nostartfiles -Wall -Wextra -O2 -g -Iinclude -Ifs -Iengine -Igfx -Iapps -Iui -Ishell -Ilib -Ibench -w -O2 -include games/em-doom/linuxdoom-1.10/stax_compat.h -c games/em-doom/linuxdoom-1.10/sounds.c -o build/sounds.o
arm-none-eabi-gcc -mcpu=arm926ej-s -mthumb-interwork -ffreestanding -nostdlib -nostartfiles -Wall -Wextra -O2 -g -Iinclude -Ifs -Iengine -Igfx -Iapps -Iui -Ishell -Ilib -Ibench -w -O2 -include games/em-doom/linuxdoom-1.10/stax_compat.h -c games/em-doom/linuxdoom-1.10/s_sound.c -o build/s_sound.o
arm-none-eabi-gcc -mcpu=arm926ej-s -mthumb-interwork -ffreestanding -nostdlib -nostartfiles -Wall -Wextra -O2 -g -Iinclude -Ifs -Iengine -Igfx -Iapps -Iui -Ishell -Ilib -Ibench -w -O2 -include games/em-doom/linuxdoom-1.10/stax_compat.h -c games/em-doom/linuxdoom-1.10/stax_platform.c -o build/stax_platform.o
arm-none-eabi-gcc -mcpu=arm926ej-s -mthumb-interwork -ffreestanding -nostdlib -nostartfiles -Wall -Wextra -O2 -g -Iinclude -Ifs -Iengine -Igfx -Iapps -Iui -Ishell -Ilib -Ibench -w -O2 -include games/em-doom/linuxdoom-1.10/stax_compat.h -c games/em-doom/linuxdoom-1.10/st_lib.c -o build/st_lib.o
arm-none-eabi-gcc -mcpu=arm926ej-s -mthumb-interwork -ffreestanding -nostdlib -nostartfiles -Wall -Wextra -O2 -g -Iinclude -Ifs -Iengine -Igfx -Iapps -Iui -Ishell -Ilib -Ibench -w -O2 -include games/em-doom/linuxdoom-1.10/stax_compat.h -c games/em-doom/linuxdoom-1.10/st_stuff.c -o build/st_stuff.o
arm-none-eabi-gcc -mcpu=arm926ej-s -mthumb-interwork -ffreestanding -nostdlib -nostartfiles -Wall -Wextra -O2 -g -Iinclude -Ifs -Iengine -Igfx -Iapps -Iui -Ishell -Ilib -Ibench -w -O2 -include games/em-doom/linuxdoom-1.10/stax_compat.h -c games/em-doom/linuxdoom-1.10/tables.c -o build/tables.o
arm-none-eabi-gcc -mcpu=arm926ej-s -mthumb-interwork -ffreestanding -nostdlib -nostartfiles -Wall -Wextra -O2 -g -Iinclude -Ifs -Iengine -Igfx -Iapps -Iui -Ishell -Ilib -Ibench -w -O2 -include games/em-doom/linuxdoom-1.10/stax_compat.h -c games/em-doom/linuxdoom-1.10/v_video.c -o build/v_video.o
arm-none-eabi-gcc -mcpu=arm926ej-s -mthumb-interwork -ffreestanding -nostdlib -nostartfiles -Wall -Wextra -O2 -g -Iinclude -Ifs -Iengine -Igfx -Iapps -Iui -Ishell -Ilib -Ibench -w -O2 -include games/em-doom/linuxdoom-1.10/stax_compat.h -c games/em-doom/linuxdoom-1.10/wi_stuff.c -o build/wi_stuff.o
arm-none-eabi-gcc -mcpu=arm926ej-s -mthumb-interwork -ffreestanding -nostdlib -nostartfiles -Wall -Wextra -O2 -g -Iinclude -Ifs -Iengine -Igfx -Iapps -Iui -Ishell -Ilib -Ibench -w -O2 -include games/em-doom/linuxdoom-1.10/stax_compat.h -c games/em-doom/linuxdoom-1.10/w_wad.c -o build/w_wad.o
arm-none-eabi-gcc -mcpu=arm926ej-s -mthumb-interwork -ffreestanding -nostdlib -nostartfiles -Wall -Wextra -O2 -g -Iinclude -Ifs -Iengine -Igfx -Iapps -Iui -Ishell -Ilib -Ibench -w -O2 -include games/em-doom/linuxdoom-1.10/stax_compat.h -c games/em-doom/linuxdoom-1.10/z_zone.c -o build/z_zone.o
arm-none-eabi-gcc -E -P -x c -Iinclude linker.ld.in -o build/linker.ld
arm-none-eabi-ld -T build/bootloader.ld -nostdlib --gc-sections build/boot_startup.o build/bootloader.o build/sha256.o build/crc32.o build/monocypher.o build/firmware_format.o /usr/lib/gcc/arm-none-eabi/13.2.1/libgcc.a -o build/bootloader.elf
arm-none-eabi-objcopy -O binary build/bootloader.elf build/bootloader.bin
arm-none-eabi-ld -T build/linker.ld -nostdlib --gc-sections build/startup.o build/vectors.o build/kernel.o build/string.o build/vic.o build/timer.o build/scheduler.o build/heap.o build/mmu.o build/page.o build/fat.o build/disk.o build/irq.o build/keyboard.o build/mouse.o build/wm.o build/wm_render.o build/wm_desktop.o build/console.o build/app_file_manager.o build/app_editor.o build/app_taskmgr.o build/app_terminal.o build/app_calculator.o build/app_sysinfo.o build/app_image_viewer.o build/app_memview.o build/app_firmware_viewer.o build/framebuffer.o build/font8x16.o build/gfx_console.o build/command.o build/bmp.o build/engine2d.o build/fatfs_diskio.o build/ff.o build/ffunicode.o build/ffsystem.o build/tasks.o build/math_fixed.o build/palette.o build/backbuffer.o build/renderer.o build/sprite.o build/texture.o build/profiler.o build/sokoban.o build/snake.o build/doom.o build/slime.o build/craft.o build/firmware_update.o build/crc32.o build/sha256.o build/monocypher.o build/firmware_format.o  build/am_map.o  build/d_items.o  build/d_main.o  build/d_net.o  build/doomdef.o  build/doomstat.o  build/dstrings.o  build/f_finale.o  build/f_wipe.o  build/g_game.o  build/hu_lib.o  build/hu_stuff.o  build/info.o  build/m_argv.o  build/m_bbox.o  build/m_cheat.o  build/m_fixed.o  build/m_menu.o  build/m_misc.o  build/m_random.o  build/m_swap.o  build/p_ceilng.o  build/p_doors.o  build/p_enemy.o  build/p_floor.o  build/p_inter.o  build/p_lights.o  build/p_map.o  build/p_maputl.o  build/p_mobj.o  build/p_plats.o  build/p_pspr.o  build/p_saveg.o  build/p_setup.o  build/p_sight.o  build/p_spec.o  build/p_switch.o  build/p_telept.o  build/p_tick.o  build/p_user.o  build/r_bsp.o  build/r_data.o  build/r_draw.o  build/r_main.o  build/r_plane.o  build/r_segs.o  build/r_sky.o  build/r_things.o  build/sounds.o  build/s_sound.o  build/stax_platform.o  build/st_lib.o  build/st_stuff.o  build/tables.o  build/v_video.o  build/wi_stuff.o  build/w_wad.o  build/z_zone.o /usr/lib/gcc/arm-none-eabi/13.2.1/libgcc.a -o build/kernel.elf
Linked → build/kernel.elf
arm-none-eabi-objcopy -O binary build/kernel.elf build/kernel.bin
Binary → build/kernel.bin (465604 bytes)

Signing KERNEL.BIN as Firmware v1...
DEBUG stax-sign: Payload[0..3] = 00 00 00 EA
DEBUG stax-sign: Hash[0..3] = 96 94 92 6F
Successfully signed firmware: build/firmware.stax (v1, 465604 bytes payload)
Public Key (C array format for bootloader):
const uint8_t STAX_PUBLIC_KEY[32] = {
    0x43, 0x60, 0x7E, 0x0C, 0xC8, 0xA8, 0xAC, 0xB2, 
    0xE3, 0xD1, 0x11, 0x2F, 0x37, 0x10, 0x36, 0x17, 
    0x36, 0x01, 0x80, 0xF1, 0xBD, 0xF0, 0x3E, 0x3C, 
    0xA1, 0xE8, 0x4D, 0x92, 0xB4, 0x43, 0xB8, 0x9C
};
Flashing Firmware to Slot A...
Build complete → os.bin
Run:  make qemu
Quit: Ctrl-A then X

